{
  "IsDieDisabled": false,
  "Status": true,
  "Rows": 2,
  "Columns": 2
}
