{
  "IsDieDisabled": false,
  "Status": true,
  "Rows": 1,
  "Columns": 1
}
