{
  "IsDieDisabled": false,
  "Status": true,
  "Rows": 10,
  "Columns": 10
}
