{
  "IsDieDisabled": false,
  "Status": true,
  "Rows": 5,
  "Columns": 5
}
